Microchip MPLAB XC8 Compiler V2.41

Linker command line:

-W-3 \
  --edf=C:\Program Files\Microchip\xc8\v2.41\pic\dat\20230208172133_en.msgs \
  -cn -h+dist/default/production\P1_car_black_box.X.production.sym \
  --cmf=dist/default/production\P1_car_black_box.X.production.cmf -z \
  -Q18F4580 -oC:\Users\jyoth\AppData\Local\Temp\xcAs88g.\driver_tmp_3.o \
  --defsym=__MPLAB_BUILD=1 --fixupoverflow=error \
  -Mdist/default/production/P1_car_black_box.X.production.map \
  --md=C:\Users\jyoth\AppData\Local\Temp\xcAs88g.\driver_tmp_0.dat -E1 \
  -ver=XC8 Compiler --acfsm=1493 -ACODE=00h-03000h -ACONST=00h-03000h \
  -ASMALLCONST=0600h-06FFhx42,03000h-03000h -AMEDIUMCONST=0600h-03000h \
  -ACOMRAM=01h-05Fh -AABS1=00h-05FFh -ABIGRAM=01h-05FFh \
  -ARAM=060h-0FFh,0100h-01FFhx5 -ABANK0=060h-0FFh -ABANK1=0100h-01FFh \
  -ABANK2=0200h-02FFh -ABANK3=0300h-03FFh -ABANK4=0400h-04FFh \
  -ABANK5=0500h-05FFh -ASFR=0D00h-0DFFhx2,0F00h-0F5Fh,0F60h-0FFFh \
  -ABIGSFR=0D00h-0FFFh -ACONFIG=0300000h-030000Dh -AIDLOC=0200000h-0200007h \
  -AEEDATA=0F00000h-0F000FFh -peeprom_data=EEDATA \
  -preset_vec=00h,intcode=08h,intcodelo,powerup,init -pramtop=0600h \
  -psmallconst=SMALLCONST -pmediumconst=MEDIUMCONST -pconst=CONST \
  -AFARRAM=00h-00h \
  -prdata=COMRAM,nvrram=COMRAM,nvbit=COMRAM,rbss=COMRAM,rbit=COMRAM \
  -pfarbss=FARRAM,fardata=FARRAM,nvFARRAM=FARRAM \
  -pintsave_regs=BIGRAM,bigbss=BIGRAM,bigdata=BIGRAM -pbss=RAM \
  -pidata=CODE,irdata=CODE,ibigdata=CODE,ifardata=CODE -prparam=COMRAM \
  C:\Users\jyoth\AppData\Local\Temp\xcAs88g.\driver_tmp_9.o \
  dist/default/production\P1_car_black_box.X.production.o 

Object code version is 3.11

Machine type is 18F4580



                Name                               Link     Load   Length Selector   Space Scale
C:\Users\jyoth\AppData\Local\Temp\xcAs88g.\driver_tmp_9.o
                idloc                            200000   200000        8        0       5
                config                           300000   300000        E        0       4
                init                                  E        E        4        4       0
                reset_vec                             0        0        4        0       0
dist/default/production\P1_car_black_box.X.production.o
                intcode                               8        8        6        4       0
                idloc                            200000   200000        8        0       5
                config                           300000   300000        E        0       4
                temp                                 5A       5A        1        1       1
                mediumconst                        2E2E     2E2E      1D2     1717       0
                intcode_body                       2150     2150       DC        4       0
                text51                              E5E      E5E      39A        4       0
                text50                             204A     204A      106        4       0
                text49                             1C62     1C62      1B4        4       0
                text48                             2AA4     2AA4       3A        4       0
                text47                             275E     275E       6C        4       0
                text46                             2C26     2C26       18        4       0
                text45                             2B68     2B68       26        4       0
                text44                             22F2     22F2       C4        4       0
                text43                             23B6     23B6       B0        4       0
                text42                             25FC     25FC       80        4       0
                text41                             2CE0     2CE0        6     1670       0
                text40                             2C8E     2C8E       12        4       0
                text39                             2CD0     2CD0        8        4       0
                text38                             2CAC     2CAC        C        4       0
                text37                             2CC8     2CC8        8        4       0
                text36                             2CC0     2CC0        8        4       0
                text35                             2CB8     2CB8        8        4       0
                text34                             2CA0     2CA0        C        4       0
                text33                             2B3E     2B3E       2A        4       0
                text32                             2578     2578       84        4       0
                text31                             2BD0     2BD0       20        4       0
                text30                             1F42     1F42      108        4       0
                text29                             267C     267C       76        4       0
                text28                             26F2     26F2       6C        4       0
                text27                             2A64     2A64       40        4       0
                text26                             2A24     2A24       40        4       0
                text25                              5F0      5F0      4A4        4       0
                text24                             2466     2466       8C        4       0
                text23                             222C     222C       C6        4       0
                text22                             2C54     2C54       16        4       0
                text21                             2894     2894       5E        4       0
                text20                             2B14     2B14       2A        4       0
                text19                             1A92     1A92      1D0        4       0
                text18                             24F2     24F2       86        4       0
                text17                             2BF0     2BF0       1E        4       0
                text16                               12       12      5DE        4       0
                text15                             184C     184C      246        4       0
                text14                              A94      A94      3CA        4       0
                text13                             2830     2830       64        4       0
                text12                             11F8     11F8      35C        4       0
                text11                             29DE     29DE       46        4       0
                text10                             1E16     1E16      12C        4       0
                text9                              1554     1554      2F8        4       0
                text8                              2BB0     2BB0       20        4       0
                text7                              2ADE     2ADE       36        4       0
                text6                              28F2     28F2       54        4       0
                text5                              2C3E     2C3E       16        4       0
                text4                              2C7C     2C7C       12        4       0
                text3                              2C0E     2C0E       18        4       0
                text2                              2C6A     2C6A       12        4       0
                text1                              2B8E     2B8E       22        4       0
                text0                              2992     2992       4C        4       0
                cstackCOMRAM                          1        1       34        1       1
                dataBANK0                            60       60       4C       60       1
                bssBANK0                             AC       AC       2C       60       1
                dataCOMRAM                           53       53        7        1       1
                bssCOMRAM                            35       35       1E        1       1
                cinit                              27CA     27CA       66        4       0
                idataBANK0                         2946     2946       4C        4       0
                idataCOMRAM                        2CD8     2CD8        7        4       0

TOTAL           Name                               Link     Load   Length     Space
        CLASS   CODE           
                intcode                               8        8        6         0
                init                                  E        E        4         0
                reset_vec                             0        0        4         0
                intcode_body                       2150     2150       DC         0
                text51                              E5E      E5E      39A         0
                text50                             204A     204A      106         0
                text49                             1C62     1C62      1B4         0
                text48                             2AA4     2AA4       3A         0
                text47                             275E     275E       6C         0
                text46                             2C26     2C26       18         0
                text45                             2B68     2B68       26         0
                text44                             22F2     22F2       C4         0
                text43                             23B6     23B6       B0         0
                text42                             25FC     25FC       80         0
                text41                             2CE0     2CE0        6         0
                text40                             2C8E     2C8E       12         0
                text39                             2CD0     2CD0        8         0
                text38                             2CAC     2CAC        C         0
                text37                             2CC8     2CC8        8         0
                text36                             2CC0     2CC0        8         0
                text35                             2CB8     2CB8        8         0
                text34                             2CA0     2CA0        C         0
                text33                             2B3E     2B3E       2A         0
                text32                             2578     2578       84         0
                text31                             2BD0     2BD0       20         0
                text30                             1F42     1F42      108         0
                text29                             267C     267C       76         0
                text28                             26F2     26F2       6C         0
                text27                             2A64     2A64       40         0
                text26                             2A24     2A24       40         0
                text25                              5F0      5F0      4A4         0
                text24                             2466     2466       8C         0
                text23                             222C     222C       C6         0
                text22                             2C54     2C54       16         0
                text21                             2894     2894       5E         0
                text20                             2B14     2B14       2A         0
                text19                             1A92     1A92      1D0         0
                text18                             24F2     24F2       86         0
                text17                             2BF0     2BF0       1E         0
                text16                               12       12      5DE         0
                text15                             184C     184C      246         0
                text14                              A94      A94      3CA         0
                text13                             2830     2830       64         0
                text12                             11F8     11F8      35C         0
                text11                             29DE     29DE       46         0
                text10                             1E16     1E16      12C         0
                text9                              1554     1554      2F8         0
                text8                              2BB0     2BB0       20         0
                text7                              2ADE     2ADE       36         0
                text6                              28F2     28F2       54         0
                text5                              2C3E     2C3E       16         0
                text4                              2C7C     2C7C       12         0
                text3                              2C0E     2C0E       18         0
                text2                              2C6A     2C6A       12         0
                text1                              2B8E     2B8E       22         0
                text0                              2992     2992       4C         0
                cinit                              27CA     27CA       66         0
                idataBANK0                         2946     2946       4C         0
                idataCOMRAM                        2CD8     2CD8        7         0

        CLASS   CONST          

        CLASS   SMALLCONST     

        CLASS   MEDIUMCONST    
                mediumconst                        2E2E     2E2E      1D2         0

        CLASS   COMRAM         
                temp                                 5A       5A        1         1
                cstackCOMRAM                          1        1       34         1
                dataCOMRAM                           53       53        7         1
                bssCOMRAM                            35       35       1E         1

        CLASS   ABS1           

        CLASS   BIGRAM         

        CLASS   RAM            

        CLASS   BANK0          
                dataBANK0                            60       60       4C         1
                bssBANK0                             AC       AC       2C         1

        CLASS   BANK1          

        CLASS   BANK2          

        CLASS   BANK3          

        CLASS   BANK4          

        CLASS   BANK5          

        CLASS   SFR            

        CLASS   BIGSFR         

        CLASS   CONFIG         
                config                           300000   300000        E         4

        CLASS   IDLOC          
                idloc                            200000   200000        8         5

        CLASS   EEDATA         

        CLASS   FARRAM         

        CLASS   HEAP           

        CLASS   STACK          



SEGMENTS        Name                           Load    Length   Top    Selector   Space  Class

                reset_vec                      000000  000004  000004         0       0  CODE    
                cstackCOMRAM                   000001  00005A  00005B         1       1  COMRAM  
                intcode                        000008  002CD7  002CDF         4       0  CODE    
                dataBANK0                      000060  000078  0000D8        60       1  BANK0   
                text41                         002CE0  000006  002CE6      1670       0  CODE    
                mediumconst                    002E2E  0001D2  003000      1717       0  MEDIUMCO


UNUSED ADDRESS RANGES

        Name                Unused          Largest block    Delta
        BANK0            0000D8-0000FF               28
        BANK1            000100-0001FF              100
        BANK2            000200-0002FF              100
        BANK3            000300-0003FF              100
        BANK4            000400-0004FF              100
        BANK5            000500-0005FF              100
        BIGRAM           00005B-00005F                5
                         0000D8-0005FF              528
        BIGSFR           000D00-000FFF              300
        CODE             000004-000007                4
                         002CDF-002CDF                1
                         002CE6-002E2D              148
                         003000-003000                1
        COMRAM           00005B-00005F                5
        CONST            000004-000007                4
                         002CDF-002CDF                1
                         002CE6-002E2D              148
                         003000-003000                1
        EEDATA           F00000-F000FF              100
        MEDIUMCONST      002CDF-002CDF                1
                         002CE6-002E2D              148
                         003000-003000                1
        RAM              0000D8-0005FF              100
        SFR              000D00-000FFF              100
        SMALLCONST       002CDF-002CDF                1
                         002CE6-002E2D              100
                         003000-003000                1

                                  Symbol Table

?___awdiv                          cstackCOMRAM 000007
?___awmod                          cstackCOMRAM 000001
?___fldiv                          cstackCOMRAM 00000F
?___fltol                          cstackCOMRAM 000028
?___xxtofl                         cstackCOMRAM 000001
?_read_adc                         cstackCOMRAM 000001
?_strcmp                           cstackCOMRAM 000001
_ACKDT                             (abs)        007E2D
_ACKEN                             (abs)        007E2C
_ACKSTAT                           (abs)        007E2E
_ACQT0                             (abs)        007E03
_ACQT1                             (abs)        007E04
_ACQT2                             (abs)        007E05
_ADCON0                            (abs)        000FC2
_ADCON1                            (abs)        000FC1
_ADCS0                             (abs)        007E00
_ADCS1                             (abs)        007E01
_ADCS2                             (abs)        007E02
_ADFM                              (abs)        007E07
_ADON                              (abs)        007E10
_ADRESH                            (abs)        000FC4
_ADRESL                            (abs)        000FC3
_BCLIF                             (abs)        007D0B
_BRGH                              (abs)        007D62
_CKE                               (abs)        007E3E
_CREN                              (abs)        007D5C
_GIE                               (abs)        007F97
_GO                                (abs)        007E11
_GODONE                            (abs)        007E11
_PEIE                              (abs)        007F96
_PEN                               (abs)        007E2A
_PORTB                             (abs)        000F81
_PORTBbits                         (abs)        000F81
_PORTD                             (abs)        000F83
_PSA                               (abs)        007EAB
_RBPU                              (abs)        007F8F
_RC0                               (abs)        007C10
_RC1                               (abs)        007C11
_RC2                               (abs)        007C12
_RCEN                              (abs)        007E2B
_RCIE                              (abs)        007CED
_RCIF                              (abs)        007CF5
_RCREG                             (abs)        000FAE
_RD7                               (abs)        007C1F
_RSEN                              (abs)        007E29
_SEN                               (abs)        007E28
_SMP                               (abs)        007E3F
_SPBRG                             (abs)        000FAF
_SPEN                              (abs)        007D5F
_SSPADD                            (abs)        000FC8
_SSPBUF                            (abs)        000FC9
_SSPCON1                           (abs)        000FC6
_SSPIF                             (abs)        007CF3
_T0CS                              (abs)        007EAD
_T0PS0                             (abs)        007EA8
_T0PS1                             (abs)        007EA9
_T0PS2                             (abs)        007EAA
_TMR0                              (abs)        000FD6
_TMR0IE                            (abs)        007F95
_TMR0IF                            (abs)        007F92
_TRISB                             (abs)        000F93
_TRISC                             (abs)        000F94
_TRISC3                            (abs)        007CA3
_TRISC4                            (abs)        007CA4
_TRISC6                            (abs)        007CA6
_TRISC7                            (abs)        007CA7
_TRISD                             (abs)        000F95
_TRISD7                            (abs)        007CAF
_TXIF                              (abs)        007CF4
_TXREG                             (abs)        000FAD
_VCFG0                             (abs)        007E0C
_VCFG1                             (abs)        007E0D
__HRAM                             (abs)        000000
__H__absolute__                    __absolute__ 000000
__Habs1                            abs1         000000
__Hbank0                           bank0        000000
__Hbank1                           bank1        000000
__Hbank2                           bank2        000000
__Hbank3                           bank3        000000
__Hbank4                           bank4        000000
__Hbank5                           bank5        000000
__Hbigbss                          bigbss       000000
__Hbigdata                         bigdata      000000
__Hbigram                          bigram       000000
__Hbigsfr                          bigsfr       000000
__Hbss                             bss          000000
__HbssBANK0                        bssBANK0     000000
__HbssCOMRAM                       bssCOMRAM    000000
__Hcinit                           cinit        000000
__Hclrtext                         clrtext      000000
__Hcomram                          comram       000000
__Hconfig                          config       30000E
__Hconst                           const        000000
__HcstackCOMRAM                    cstackCOMRAM 000000
__Hdata                            data         000000
__HdataBANK0                       dataBANK0    000000
__HdataCOMRAM                      dataCOMRAM   000000
__Heeprom_data                     eeprom_data  000000
__Hfarbss                          farbss       000000
__Hfardata                         fardata      000000
__Hheap                            heap         000000
__Hibigdata                        ibigdata     000000
__Hidata                           idata        000000
__HidataBANK0                      idataBANK0   000000
__HidataCOMRAM                     idataCOMRAM  000000
__Hidloc                           idloc        200008
__Hifardata                        ifardata     000000
__Hinit                            init         000012
__Hintcode                         intcode      00000E
__Hintcode_body                    intcode_body 000000
__Hintcodelo                       intcodelo    00000E
__Hintentry                        intentry     000000
__Hintret                          intret       000000
__Hintsave_regs                    intsave_regs 000000
__Hirdata                          irdata       000000
__Hmediumconst                     mediumconst  003000
__HnvFARRAM                        nvFARRAM     000000
__Hnvbit                           nvbit        000000
__Hnvrram                          nvrram       000000
__Hparam                           rparam       000000
__Hpowerup                         powerup      00000E
__Hram                             ram          000000
__Hramtop                          ramtop       000600
__Hrbit                            rbit         000000
__Hrbss                            rbss         000000
__Hrdata                           rdata        000000
__Hreset_vec                       reset_vec    000004
__Hrparam                          rparam       000000
__Hsfr                             sfr          000000
__Hsmallconst                      smallconst   000000
__Hspace_0                         (abs)        003000
__Hspace_1                         (abs)        0000D8
__Hspace_2                         (abs)        000000
__Hspace_4                         (abs)        60000E
__Hstack                           stack        000000
__Hstruct                          struct       000000
__Htemp                            temp         00005B
__Htext                            text         000000
__Htext0                           text0        000000
__Htext1                           text1        000000
__Htext10                          text10       000000
__Htext11                          text11       000000
__Htext12                          text12       000000
__Htext13                          text13       000000
__Htext14                          text14       000000
__Htext15                          text15       000000
__Htext16                          text16       000000
__Htext17                          text17       000000
__Htext18                          text18       000000
__Htext19                          text19       000000
__Htext2                           text2        000000
__Htext20                          text20       000000
__Htext21                          text21       000000
__Htext22                          text22       000000
__Htext23                          text23       000000
__Htext24                          text24       000000
__Htext25                          text25       000000
__Htext26                          text26       000000
__Htext27                          text27       000000
__Htext28                          text28       000000
__Htext29                          text29       000000
__Htext3                           text3        000000
__Htext30                          text30       000000
__Htext31                          text31       000000
__Htext32                          text32       000000
__Htext33                          text33       000000
__Htext34                          text34       000000
__Htext35                          text35       000000
__Htext36                          text36       000000
__Htext37                          text37       000000
__Htext38                          text38       000000
__Htext39                          text39       000000
__Htext4                           text4        000000
__Htext40                          text40       000000
__Htext41                          text41       000000
__Htext42                          text42       000000
__Htext43                          text43       000000
__Htext44                          text44       000000
__Htext45                          text45       000000
__Htext46                          text46       000000
__Htext47                          text47       000000
__Htext48                          text48       000000
__Htext49                          text49       000000
__Htext5                           text5        000000
__Htext50                          text50       000000
__Htext51                          text51       000000
__Htext6                           text6        000000
__Htext7                           text7        000000
__Htext8                           text8        000000
__Htext9                           text9        000000
__LRAM                             (abs)        000001
__L__absolute__                    __absolute__ 000000
__Labs1                            abs1         000000
__Lbank0                           bank0        000000
__Lbank1                           bank1        000000
__Lbank2                           bank2        000000
__Lbank3                           bank3        000000
__Lbank4                           bank4        000000
__Lbank5                           bank5        000000
__Lbigbss                          bigbss       000000
__Lbigdata                         bigdata      000000
__Lbigram                          bigram       000000
__Lbigsfr                          bigsfr       000000
__Lbss                             bss          000000
__LbssBANK0                        bssBANK0     000000
__LbssCOMRAM                       bssCOMRAM    000000
__Lcinit                           cinit        000000
__Lclrtext                         clrtext      000000
__Lcomram                          comram       000000
__Lconfig                          config       000000
__Lconst                           const        000000
__LcstackCOMRAM                    cstackCOMRAM 000000
__Ldata                            data         000000
__LdataBANK0                       dataBANK0    000000
__LdataCOMRAM                      dataCOMRAM   000000
__Leeprom_data                     eeprom_data  000000
__Lfarbss                          farbss       000000
__Lfardata                         fardata      000000
__Lheap                            heap         000000
__Libigdata                        ibigdata     000000
__Lidata                           idata        000000
__LidataBANK0                      idataBANK0   000000
__LidataCOMRAM                     idataCOMRAM  000000
__Lidloc                           idloc        000000
__Lifardata                        ifardata     000000
__Linit                            init         00000E
__Lintcode                         intcode      000008
__Lintcode_body                    intcode_body 000000
__Lintcodelo                       intcodelo    00000E
__Lintentry                        intentry     000000
__Lintret                          intret       000000
__Lintsave_regs                    intsave_regs 000000
__Lirdata                          irdata       000000
__Lmediumconst                     mediumconst  002E2E
__LnvFARRAM                        nvFARRAM     000000
__Lnvbit                           nvbit        000000
__Lnvrram                          nvrram       000000
__Lparam                           rparam       000000
__Lpowerup                         powerup      00000E
__Lram                             ram          000000
__Lramtop                          ramtop       000600
__Lrbit                            rbit         000000
__Lrbss                            rbss         000000
__Lrdata                           rdata        000000
__Lreset_vec                       reset_vec    000000
__Lrparam                          rparam       000000
__Lsfr                             sfr          000000
__Lsmallconst                      smallconst   000000
__Lspace_0                         (abs)        000000
__Lspace_1                         (abs)        000000
__Lspace_2                         (abs)        000000
__Lspace_4                         (abs)        000000
__Lstack                           stack        000000
__Lstruct                          struct       000000
__Ltemp                            temp         00005A
__Ltext                            text         000000
__Ltext0                           text0        000000
__Ltext1                           text1        000000
__Ltext10                          text10       000000
__Ltext11                          text11       000000
__Ltext12                          text12       000000
__Ltext13                          text13       000000
__Ltext14                          text14       000000
__Ltext15                          text15       000000
__Ltext16                          text16       000000
__Ltext17                          text17       000000
__Ltext18                          text18       000000
__Ltext19                          text19       000000
__Ltext2                           text2        000000
__Ltext20                          text20       000000
__Ltext21                          text21       000000
__Ltext22                          text22       000000
__Ltext23                          text23       000000
__Ltext24                          text24       000000
__Ltext25                          text25       000000
__Ltext26                          text26       000000
__Ltext27                          text27       000000
__Ltext28                          text28       000000
__Ltext29                          text29       000000
__Ltext3                           text3        000000
__Ltext30                          text30       000000
__Ltext31                          text31       000000
__Ltext32                          text32       000000
__Ltext33                          text33       000000
__Ltext34                          text34       000000
__Ltext35                          text35       000000
__Ltext36                          text36       000000
__Ltext37                          text37       000000
__Ltext38                          text38       000000
__Ltext39                          text39       000000
__Ltext4                           text4        000000
__Ltext40                          text40       000000
__Ltext41                          text41       000000
__Ltext42                          text42       000000
__Ltext43                          text43       000000
__Ltext44                          text44       000000
__Ltext45                          text45       000000
__Ltext46                          text46       000000
__Ltext47                          text47       000000
__Ltext48                          text48       000000
__Ltext49                          text49       000000
__Ltext5                           text5        000000
__Ltext50                          text50       000000
__Ltext51                          text51       000000
__Ltext6                           text6        000000
__Ltext7                           text7        000000
__Ltext8                           text8        000000
__Ltext9                           text9        000000
__S0                               (abs)        003000
__S1                               (abs)        0000D8
__S4                               (abs)        000000
__S5                               (abs)        000000
___awdiv                           text44       0022F2
___awdiv@counter                   cstackCOMRAM 00000B
___awdiv@dividend                  cstackCOMRAM 000007
___awdiv@divisor                   cstackCOMRAM 000009
___awdiv@quotient                  cstackCOMRAM 00000D
___awdiv@sign                      cstackCOMRAM 00000C
___awmod                           text43       0023B6
___awmod@counter                   cstackCOMRAM 000005
___awmod@dividend                  cstackCOMRAM 000001
___awmod@divisor                   cstackCOMRAM 000003
___awmod@sign                      cstackCOMRAM 000006
___fldiv                           text51       000E5E
___fldiv@a                         cstackCOMRAM 000013
___fldiv@aexp                      cstackCOMRAM 000027
___fldiv@b                         cstackCOMRAM 00000F
___fldiv@bexp                      cstackCOMRAM 000026
___fldiv@grs                       cstackCOMRAM 000022
___fldiv@new_exp                   cstackCOMRAM 000020
___fldiv@rem                       cstackCOMRAM 00001B
___fldiv@sign                      cstackCOMRAM 00001F
___fltol                           text50       00204A
___fltol@exp1                      cstackCOMRAM 000031
___fltol@f1                        cstackCOMRAM 000028
___fltol@sign1                     cstackCOMRAM 000030
___heap_hi                         (abs)        000000
___heap_lo                         (abs)        000000
___inthi_sp                        stack        000000
___intlo_sp                        stack        000000
___param_bank                      (abs)        000000
___rparam_used                     (abs)        000001
___sp                              stack        000000
___xxtofl                          text49       001C62
___xxtofl@arg                      cstackCOMRAM 00000B
___xxtofl@exp                      cstackCOMRAM 00000A
___xxtofl@sign                     cstackCOMRAM 000009
___xxtofl@val                      cstackCOMRAM 000001
__accesstop                        (abs)        000060
__activetblptr                     (abs)        000002
__end_of___awdiv                   text44       0023B6
__end_of___awmod                   text43       002466
__end_of___fldiv                   text51       0011F8
__end_of___fltol                   text50       002150
__end_of___xxtofl                  text49       001E16
__end_of__initialization           cinit        002822
__end_of_change_password           text25       000A94
__end_of_clcd_print                text47       0027CA
__end_of_clcd_putch                text46       002C3E
__end_of_clcd_write                text48       002ADE
__end_of_clear_log                 text24       0024F2
__end_of_display_dashboard         text9        00184C
__end_of_display_event             text45       002B8E
__end_of_display_list              text23       0022F2
__end_of_display_menu              text14       000E5E
__end_of_display_speed             text42       00267C
__end_of_display_time              text31       002BF0
__end_of_download_log              text18       002578
__end_of_get_data                  text19       001C62
__end_of_get_time                  text32       0025FC
__end_of_i2c_idle                  text40       002CA0
__end_of_i2c_no_ack                text41       002CE6
__end_of_i2c_read                  text38       002CB8
__end_of_i2c_rep_start             text37       002CD0
__end_of_i2c_rx_mode               text39       002CD8
__end_of_i2c_start                 text36       002CC8
__end_of_i2c_stop                  text35       002CC0
__end_of_i2c_write                 text34       002CAC
__end_of_init_adc                  text8        002BD0
__end_of_init_clcd                 text7        002B14
__end_of_init_config               text1        002BB0
__end_of_init_ds1307               text6        002946
__end_of_init_i2c                  text5        002C54
__end_of_init_matrix_keypad        text4        002C8E
__end_of_init_timer                text3        002C26
__end_of_init_uart                 text2        002C7C
__end_of_isr                       intcode_body 00222C
__end_of_login_BB                  text12       001554
__end_of_main                      text0        0029DE
__end_of_putch                     text22       002C6A
__end_of_puts                      text21       0028F2
__end_of_read_adc                  text11       002A24
__end_of_read_ds1307               text33       002B68
__end_of_read_external_eeprom      text20       002B3E
__end_of_read_password             text13       002894
__end_of_read_switches             text29       0026F2
__end_of_scan_key                  text30       00204A
__end_of_set_time                  text16       0005F0
__end_of_store_eeprom              text10       001F42
__end_of_strcmp                    text28       00275E
__end_of_strcpy                    text27       002AA4
__end_of_view_log                  text15       001A92
__end_of_write_ds1307              text17       002C0E
__end_of_write_external_eeprom     text26       002A64
__initialization                   cinit        0027CA
__mediumconst                      mediumconst  002E2E
__pbssBANK0                        bssBANK0     0000AC
__pbssCOMRAM                       bssCOMRAM    000035
__pcinit                           cinit        0027CA
__pcstackCOMRAM                    cstackCOMRAM 000001
__pdataBANK0                       dataBANK0    000060
__pdataCOMRAM                      dataCOMRAM   000053
__pidataBANK0                      idataBANK0   002946
__pidataCOMRAM                     idataCOMRAM  002CD8
__pintcode                         intcode      000008
__pintcode_body                    intcode_body 002150
__pmediumconst                     mediumconst  002E2E
__ptext0                           text0        002992
__ptext1                           text1        002B8E
__ptext10                          text10       001E16
__ptext11                          text11       0029DE
__ptext12                          text12       0011F8
__ptext13                          text13       002830
__ptext14                          text14       000A94
__ptext15                          text15       00184C
__ptext16                          text16       000012
__ptext17                          text17       002BF0
__ptext18                          text18       0024F2
__ptext19                          text19       001A92
__ptext2                           text2        002C6A
__ptext20                          text20       002B14
__ptext21                          text21       002894
__ptext22                          text22       002C54
__ptext23                          text23       00222C
__ptext24                          text24       002466
__ptext25                          text25       0005F0
__ptext26                          text26       002A24
__ptext27                          text27       002A64
__ptext28                          text28       0026F2
__ptext29                          text29       00267C
__ptext3                           text3        002C0E
__ptext30                          text30       001F42
__ptext31                          text31       002BD0
__ptext32                          text32       002578
__ptext33                          text33       002B3E
__ptext34                          text34       002CA0
__ptext35                          text35       002CB8
__ptext36                          text36       002CC0
__ptext37                          text37       002CC8
__ptext38                          text38       002CAC
__ptext39                          text39       002CD0
__ptext4                           text4        002C7C
__ptext40                          text40       002C8E
__ptext41                          text41       002CE0
__ptext42                          text42       0025FC
__ptext43                          text43       0023B6
__ptext44                          text44       0022F2
__ptext45                          text45       002B68
__ptext46                          text46       002C26
__ptext47                          text47       00275E
__ptext48                          text48       002AA4
__ptext49                          text49       001C62
__ptext5                           text5        002C3E
__ptext50                          text50       00204A
__ptext51                          text51       000E5E
__ptext6                           text6        0028F2
__ptext7                           text7        002ADE
__ptext8                           text8        002BB0
__ptext9                           text9        001554
__ramtop                           ramtop       000600
__smallconst                       smallconst   000000
_address                           bssCOMRAM    00003C
_attempt                           dataCOMRAM   000053
_change_password                   text25       0005F0
_clcd_print                        text47       00275E
_clcd_putch                        text46       002C26
_clcd_write                        text48       002AA4
_clear_log                         text24       002466
_clock_reg                         bssCOMRAM    000039
_count                             bssBANK0     0000B4
_delay1                            bssBANK0     0000C0
_delay2                            bssBANK0     0000BE
_delay3                            bssBANK0     0000BC
_direction_flag                    dataCOMRAM   000056
_display_dashboard                 text9        001554
_display_event                     text45       002B68
_display_list                      text23       00222C
_display_menu                      text14       000A94
_display_speed                     text42       0025FC
_display_time                      text31       002BD0
_download_log                      text18       0024F2
_event                             dataBANK0    000074
_event_index                       bssCOMRAM    000041
_event_num                         bssCOMRAM    000040
_flag_1_sec                        dataCOMRAM   000058
_flag_2_min                        bssCOMRAM    00004E
_flag_30_sec                       bssCOMRAM    00004F
_flag_5_sec                        bssCOMRAM    000050
_get_data                          text19       001A92
_get_time                          text32       002578
_i2c_idle                          text40       002C8E
_i2c_no_ack                        text41       002CE0
_i2c_read                          text38       002CAC
_i2c_rep_start                     text37       002CC8
_i2c_rx_mode                       text39       002CD0
_i2c_start                         text36       002CC0
_i2c_stop                          text35       002CB8
_i2c_write                         text34       002CA0
_init_adc                          text8        002BB0
_init_clcd                         text7        002ADE
_init_config                       text1        002B8E
_init_ds1307                       text6        0028F2
_init_i2c                          text5        002C3E
_init_matrix_keypad                text4        002C7C
_init_timer                        text3        002C0E
_init_uart                         text2        002C6A
_isr                               intcode      000008
_key                               bssCOMRAM    000052
_key_level                         bssCOMRAM    00004A
_list_address                      dataBANK0    000060
_list_event                        bssCOMRAM    000048
_list_index                        bssCOMRAM    00004B
_log_count                         bssCOMRAM    000047
_log_flag                          bssCOMRAM    000046
_login_BB                          text12       0011F8
_login_success                     bssCOMRAM    00004C
_main                              text0        002992
_menu_name                         dataBANK0    000086
_menu_pos                          bssCOMRAM    000049
_min_2                             dataCOMRAM   000057
_min_count                         bssBANK0     0000C2
_psw_arr                           bssBANK0     0000D3
_psw_index                         bssCOMRAM    00003E
_psw_mode_flag                     bssCOMRAM    00004D
_psw_star                          dataBANK0    0000A6
_psw_temp                          bssBANK0     0000CE
_putch                             text22       002C54
_puts                              text21       002894
_read_adc                          text11       0029DE
_read_ds1307                       text33       002B3E
_read_external_eeprom              text20       002B14
_read_password                     text13       002830
_read_switches                     text29       00267C
_scan_key                          text30       001F42
_set_time                          text16       000012
_speed                             bssBANK0     0000AC
_store_eeprom                      text10       001E16
_strcmp                            text28       0026F2
_strcpy                            text27       002A64
_time                              dataBANK0    000090
_view_log                          text15       00184C
_wait                              dataBANK0    000084
_write_ds1307                      text17       002BF0
_write_external_eeprom             text26       002A24
btemp                              temp         00005A
change_password@chng_delay1        bssBANK0     0000BA
change_password@chng_delay2        bssBANK0     0000B8
change_password@chng_psw           bssBANK0     0000C9
change_password@chng_psw_star      dataBANK0    0000A0
change_password@chng_psw_temp      bssBANK0     0000C4
change_password@chng_psw_temp_star dataBANK0    00009A
change_password@key                cstackCOMRAM 00000C
change_password@psw_ind            bssCOMRAM    000042
change_password@psw_key            cstackCOMRAM 00000B
clcd_print@addr                    cstackCOMRAM 000005
clcd_print@data                    cstackCOMRAM 000003
clcd_putch@addr                    cstackCOMRAM 00000F
clcd_putch@data                    cstackCOMRAM 000010
clcd_write@byte                    cstackCOMRAM 000002
clcd_write@control_bit             cstackCOMRAM 000001
display_dashboard@adc_reg_val      cstackCOMRAM 000032
display_dashboard@key              cstackCOMRAM 000034
display_event@event                cstackCOMRAM 000011
display_list@direction_flag        cstackCOMRAM 000014
display_list@list_index            cstackCOMRAM 000013
display_list@menu_name             cstackCOMRAM 000011
display_menu@key                   cstackCOMRAM 000029
display_menu@key_viewlog           cstackCOMRAM 00002A
display_speed@speed                cstackCOMRAM 000011
end_of_initialization              cinit        002822
get_data@add                       cstackCOMRAM 000022
get_data@dwn_data                  cstackCOMRAM 000011
get_data@ind                       cstackCOMRAM 000021
get_data@temp                      cstackCOMRAM 000023
i2c_write@data                     cstackCOMRAM 000001
init_ds1307@dummy                  cstackCOMRAM 000004
int$flags                          temp         00005A
int_func                           intcode_body 002150
intlevel0                          text         000000
intlevel1                          text         000000
intlevel2                          text         000000
intlevel3                          text         000000
isa$std                            (abs)        000001
isa$xinst                          (abs)        000000
login_BB@key                       cstackCOMRAM 00002B
putch@byte                         cstackCOMRAM 000001
puts@s                             cstackCOMRAM 000002
read_adc@channel                   cstackCOMRAM 000007
read_adc@reg_val                   cstackCOMRAM 000005
read_ds1307@address                cstackCOMRAM 000002
read_ds1307@data                   cstackCOMRAM 000003
read_external_eeprom@address       cstackCOMRAM 000002
read_external_eeprom@data          cstackCOMRAM 000003
read_password@psw_arr              cstackCOMRAM 000004
read_switches@detection_type       cstackCOMRAM 000001
read_switches@key                  bssCOMRAM    000051
read_switches@once                 dataCOMRAM   000059
set_time@delay                     bssCOMRAM    000035
set_time@delay2                    bssBANK0     0000B0
set_time@feild_flag                bssCOMRAM    000045
set_time@once                      dataCOMRAM   000055
set_time@temp_time                 bssCOMRAM    000044
set_time@time_key                  bssCOMRAM    000043
stackhi                            (abs)        000000
stacklo                            (abs)        000000
start                              init         00000E
start_initialization               cinit        0027CA
store_eeprom@adc_val               cstackCOMRAM 000006
store_eeprom@i                     cstackCOMRAM 00000C
store_eeprom@key                   cstackCOMRAM 00000B
strcmp@l                           cstackCOMRAM 000001
strcmp@r                           cstackCOMRAM 000003
strcpy@d                           cstackCOMRAM 000007
strcpy@dest                        cstackCOMRAM 000001
strcpy@s                           cstackCOMRAM 000005
strcpy@src                         cstackCOMRAM 000003
ttemp5                             temp         00005B
ttemp6                             temp         00005E
ttemp7                             temp         000062
view_log@i                         cstackCOMRAM 000013
view_log@temp                      cstackCOMRAM 000017
write_ds1307@address               cstackCOMRAM 000003
write_ds1307@data                  cstackCOMRAM 000002
write_external_eeprom@address      cstackCOMRAM 000005
write_external_eeprom@data         cstackCOMRAM 000002
write_external_eeprom@i            cstackCOMRAM 000003
wtemp8                             temp         00005B


MODULE INFORMATION

Module		Function		Class		Link	Load	Size
C:\Program Files\Microchip\xc8\v2.41\pic\sources\c99\common\awmod.c
		___awmod       		CODE           	23B6	0000	176

C:\Program Files\Microchip\xc8\v2.41\pic\sources\c99\common\awmod.c estimated size: 176

login.c
		_login_BB      		CODE           	11F8	0000	860
		_read_password 		CODE           	2830	0000	100

login.c estimated size: 960

matrix_keypad.c
		_init_matrix_keypad		CODE           	2C7C	0000	18
		_read_switches 		CODE           	267C	0000	118
		_scan_key      		CODE           	1F42	0000	264

matrix_keypad.c estimated size: 400

C:\Program Files\Microchip\xc8\v2.41\pic\sources\c99\common\fltol.c
		___fltol       		CODE           	204A	0000	262

C:\Program Files\Microchip\xc8\v2.41\pic\sources\c99\common\fltol.c estimated size: 262

uart.c
		_putch         		CODE           	2C54	0000	22
		_init_uart     		CODE           	2C6A	0000	18
		_puts          		CODE           	2894	0000	94

uart.c estimated size: 134

C:\Program Files\Microchip\xc8\v2.41\pic\sources\c99\common\xxtofl.c
		___xxtofl      		CODE           	1C62	0000	436

C:\Program Files\Microchip\xc8\v2.41\pic\sources\c99\common\xxtofl.c estimated size: 436

C:\Program Files\Microchip\xc8\v2.41\pic\sources\c99\common\strcmp.c
		_strcmp        		CODE           	26F2	0000	108

C:\Program Files\Microchip\xc8\v2.41\pic\sources\c99\common\strcmp.c estimated size: 108

timer.c
		_init_timer    		CODE           	2C0E	0000	24

timer.c estimated size: 24

C:\Program Files\Microchip\xc8\v2.41\pic\sources\c99\common\strcpy.c
		_strcpy        		CODE           	2A64	0000	64

C:\Program Files\Microchip\xc8\v2.41\pic\sources\c99\common\strcpy.c estimated size: 64

i2c.c
		_i2c_start     		CODE           	2CC0	0000	8
		_i2c_no_ack    		CODE           	2CE0	0000	6
		_i2c_rep_start 		CODE           	2CC8	0000	8
		_i2c_idle      		CODE           	2C8E	0000	18
		_i2c_write     		CODE           	2CA0	0000	12
		_i2c_stop      		CODE           	2CB8	0000	8
		_i2c_read      		CODE           	2CAC	0000	12
		_init_i2c      		CODE           	2C3E	0000	22
		_i2c_rx_mode   		CODE           	2CD0	0000	8

i2c.c estimated size: 102

C:\Program Files\Microchip\xc8\v2.41\pic\sources\c99\common\awdiv.c
		___awdiv       		CODE           	22F2	0000	196

C:\Program Files\Microchip\xc8\v2.41\pic\sources\c99\common\awdiv.c estimated size: 196

dashboard.c
		_display_time  		CODE           	2BD0	0000	32
		_display_speed 		CODE           	25FC	0000	128
		_display_event 		CODE           	2B68	0000	38
		_display_dashboard		CODE           	1554	0000	760

dashboard.c estimated size: 958

adc.c
		_init_adc      		CODE           	2BB0	0000	32
		_read_adc      		CODE           	29DE	0000	70

adc.c estimated size: 102

isr.c
		_isr           		CODE           	0008	0000	226

isr.c estimated size: 226

shared
		__initialization		CODE           	27CA	0000	88

shared estimated size: 88

clcd.c
		_clcd_write    		CODE           	2AA4	0000	58
		_clcd_print    		CODE           	275E	0000	108
		_clcd_putch    		CODE           	2C26	0000	24
		_init_clcd     		CODE           	2ADE	0000	54

clcd.c estimated size: 244

rtc.c
		_read_ds1307   		CODE           	2B3E	0000	42
		_write_ds1307  		CODE           	2BF0	0000	30
		_get_time      		CODE           	2578	0000	132
		_init_ds1307   		CODE           	28F2	0000	84

rtc.c estimated size: 288

menu.c
		_view_log      		CODE           	184C	0000	582
		_display_menu  		CODE           	0A94	0000	970
		_display_list  		CODE           	222C	0000	198
		_change_password		CODE           	05F0	0000	1188
		_download_log  		CODE           	24F2	0000	134
		_set_time      		CODE           	0012	0000	1502
		_clear_log     		CODE           	2466	0000	140
		_get_data      		CODE           	1A92	0000	464

menu.c estimated size: 5178

ext_eeprom.c
		_write_external_eeprom		CODE           	2A24	0000	64
		_read_external_eeprom		CODE           	2B14	0000	42
		_store_eeprom  		CODE           	1E16	0000	300

ext_eeprom.c estimated size: 406

main.c
		_main          		CODE           	2992	0000	76
		_init_config   		CODE           	2B8E	0000	34

main.c estimated size: 110

C:\Program Files\Microchip\xc8\v2.41\pic\sources\c99\common\sprcdiv.c
		___fldiv       		CODE           	0E5E	0000	922

C:\Program Files\Microchip\xc8\v2.41\pic\sources\c99\common\sprcdiv.c estimated size: 922

